#Id,#GlobalStep,#Action,#AnotherCharacter
id1,Step1,SetStatic,A
