
<!DOCTYPE HTML>
<html>
	<head>
		<title>async_passed.csv (PASSED)</title>
	</head>
	<body>
		<table width="100%" border="1" id="header">
			<tr>
				<td>Script: async_passed.csv</td>
				<td width="30%">Result: <span class="passed" style="font-weight: bold;">PASSED</span></td>
			</tr>
			<tr>
				<td>User: async1</td>
			</tr>
			<tr>
				<td>Description: <span style="white-space: pre-wrap"></span></td>
			</tr>
		</table>
		<div class="nodelist">
		</div>
	</body>
</html>
