
<!DOCTYPE HTML>
<html>
	<head>
		<title>async_passed.csv (PASSED)</title>
	</head>
	<body>
		<table width="100%" border="1" id="header">
			<tr>
				<td>Script: async_passed.csv</td>
				<td width="30%">Result: <span class="passed" style="font-weight: bold;">PASSED</span></td>
			</tr>
			<tr>
				<td>User: async1</td>
			</tr>
			<tr>
				<td>Description: <span style="white-space: pre-wrap"></span></td>
			</tr>
		</table>
		<div class="nodelist">
			<div class="step">
				<span class="node passed switch" onclick="showhide(this, 'cont1');">Step1 - Default (PASSED)</span>
				<div class="container" id="cont1">

	<div class="action">
			<span class="node passed switch" onclick="showhide(this, 'Step1_action_6');">id1 - Compare2Values (PASSED)
        	</span>
		<div class="container" id="Step1_action_6">
				<div class="desc">Action executed asynchronously</div>
				<div class="desc"><span>Wait for end: </span>SCHEDULER</div>
	<div class="status">
		<span class="node passed switch"  onclick="showhide(this, 'Step1_action_6_status');">Action status</span>
		<div class="container" id="Step1_action_6_status" >
			<table border="1" class="big-w-limited">
				<tr>
					<td>Status</td>
					<td>PASSED</td>
				</tr>
			</table>
		</div>
	</div>
			<table class="action_data">
				<tr>
					<td class="params">
						<div class="node">Input parameters</div>
		<table border="1" frame="box" rules="all" style="margin-left:0em;">
			<tr class="tablehead">
				<td>Name</td>
				<td>Value</td>
			</tr>
					<tr>
						<td>Expected</td>
							<td>A</td>
					</tr>
					<tr>
						<td>Actual</td>
							<td>A</td>
					</tr>
		</table>
						<br>
						<div class="node">Sub-actions</div>
							<div>None</div>
					</td>
					<td class="comps">
						<div class="node">Comparison table</div>
			<table border="1" frame="box" rules="all" class="w-limited">
				<tr class="tablehead">
					<td>Name</td>
					<td>Expected</td>
					<td>Actual</td>
					<td>Status</td>
				</tr>
					<tr class="comparison_line_passed">
						<td>Value</td>
							<td>A</td>
						<td>A</td>
						<td class="comparison_result passed">PASSED</td>
					</tr>
			</table>
					</td>
				</tr>
			</table>
		</div>
	</div>
	<div class="status">
		<span class="node passed switch"  onclick="showhide(this, 'cont1status');">Step status</span>
		<div class="container" id="cont1status" >
			<table border="1" class="big-w-limited">
				<tr>
					<td>Status</td>
					<td>PASSED</td>
				</tr>
					<tr>
						<td style="vertical-align: top;">Description</td>
						<td></td>
					</tr>
			</table>
		</div>
	</div>
				</div>
			</div>
		</div>
	</body>
</html>
